MIF/HEX Update report for RISCV
Thu May 31 01:18:25 2018
Quartus Prime Version 17.1.0 Build 590 10/25/2017 SJ Lite Edition


---------------------
; Table of Contents ;
---------------------
  1. Legal Notice
  2. MIF/HEX Update Summary
  3. MIF/HEX Update Processed Files
  4. MIF/HEX Update Messages



----------------
; Legal Notice ;
----------------
Copyright (C) 2017  Intel Corporation. All rights reserved.
Your use of Intel Corporation's design tools, logic functions 
and other software and tools, and its AMPP partner logic 
functions, and any output files from any of the foregoing 
(including device programming or simulation files), and any 
associated documentation or information are expressly subject 
to the terms and conditions of the Intel Program License 
Subscription Agreement, the Intel Quartus Prime License Agreement,
the Intel FPGA IP License Agreement, or other applicable license
agreement, including, without limitation, that your use is for
the sole purpose of programming logic devices manufactured by
Intel and sold by Intel or its authorized distributors.  Please
refer to the applicable agreement for further details.



+---------------------------------------------------------------+
; MIF/HEX Update Summary                                        ;
+-----------------------+---------------------------------------+
; MIF/HEX Update Status ; Successful - Thu May 31 01:18:25 2018 ;
; Revision Name         ; RISCV                                 ;
; Top-level Entity Name ; TopDE                                 ;
; Family                ; Cyclone V                             ;
; Device                ; 5CSEMA5F31C6                          ;
+-----------------------+---------------------------------------+


+--------------------------------------------------------------------+
; MIF/HEX Update Processed Files                                     ;
+--------------------------------------------------------------------+
; File Name                                                          ;
+--------------------------------------------------------------------+
; D:/Documents/OAC-Labs/Lab3/RISCV-v1.0/Core2/Sintetizador/notes.mif ;
; D:/Documents/OAC-Labs/Lab3/RISCV-v1.0/Core2/Sintetizador/sine.mif  ;
; D:/Documents/OAC-Labs/Lab3/RISCV-v1.0/Core2/VGA/gba.mif            ;
; D:/Documents/OAC-Labs/Lab3/RISCV-v1.0/Core2/de1_data.mif           ;
; D:/Documents/OAC-Labs/Lab3/RISCV-v1.0/Core2/de1_text.mif           ;
+--------------------------------------------------------------------+


+-------------------------+
; MIF/HEX Update Messages ;
+-------------------------+
Info: *******************************************************************
Info: Running Quartus Prime MIF/HEX Update
    Info: Version 17.1.0 Build 590 10/25/2017 SJ Lite Edition
    Info: Processing started: Thu May 31 01:18:14 2018
Info: Command: quartus_cdb RISCV -c RISCV --update_mif
Warning (18236): Number of processors has not been specified which may cause overloading on shared machines.  Set the global assignment NUM_PARALLEL_PROCESSORS in your QSF to an appropriate value for best performance.
Warning (39023): Can't find Memory Initialization File de1_kdata.mif -- skipped updates for this file
Warning (39023): Can't find Memory Initialization File bootloader.mif -- skipped updates for this file
Warning (39023): Can't find Memory Initialization File de1_ktext.mif -- skipped updates for this file
Warning (113028): 2048 out of 2048 addresses are uninitialized. The Quartus Prime software will initialize them to "0". There are 1 warnings found, and 1 warnings are reported. File: D:/Documents/OAC-Labs/Lab3/RISCV-v1.0/Core2/de1_data.mif Line: 1
    Warning (113027): Addresses ranging from 0 to 2047 are not initialized File: D:/Documents/OAC-Labs/Lab3/RISCV-v1.0/Core2/de1_data.mif Line: 1
Warning (113028): 4075 out of 4096 addresses are uninitialized. The Quartus Prime software will initialize them to "0". There are 1 warnings found, and 1 warnings are reported. File: D:/Documents/OAC-Labs/Lab3/RISCV-v1.0/Core2/de1_text.mif Line: 1
    Warning (113027): Addresses ranging from 21 to 4095 are not initialized File: D:/Documents/OAC-Labs/Lab3/RISCV-v1.0/Core2/de1_text.mif Line: 1
Info (39024): Processed the following Memory Initialization File(s)
    Info (39025): Processed Memory Initialization File D:/Documents/OAC-Labs/Lab3/RISCV-v1.0/Core2/Sintetizador/notes.mif File: D:/Documents/OAC-Labs/Lab3/RISCV-v1.0/Core2/Sintetizador/notes.mif Line: 0
    Info (39025): Processed Memory Initialization File D:/Documents/OAC-Labs/Lab3/RISCV-v1.0/Core2/Sintetizador/sine.mif File: D:/Documents/OAC-Labs/Lab3/RISCV-v1.0/Core2/Sintetizador/sine.mif Line: 0
    Info (39025): Processed Memory Initialization File D:/Documents/OAC-Labs/Lab3/RISCV-v1.0/Core2/VGA/gba.mif File: D:/Documents/OAC-Labs/Lab3/RISCV-v1.0/Core2/VGA/gba.mif Line: 0
    Info (39025): Processed Memory Initialization File D:/Documents/OAC-Labs/Lab3/RISCV-v1.0/Core2/de1_data.mif File: D:/Documents/OAC-Labs/Lab3/RISCV-v1.0/Core2/de1_data.mif Line: 0
    Info (39025): Processed Memory Initialization File D:/Documents/OAC-Labs/Lab3/RISCV-v1.0/Core2/de1_text.mif File: D:/Documents/OAC-Labs/Lab3/RISCV-v1.0/Core2/de1_text.mif Line: 0
Info: Quartus Prime MIF/HEX Update was successful. 0 errors, 8 warnings
    Info: Peak virtual memory: 4935 megabytes
    Info: Processing ended: Thu May 31 01:18:25 2018
    Info: Elapsed time: 00:00:11
    Info: Total CPU time (on all processors): 00:00:10


