------------------------------------------------------------
TimeQuest Timing Analyzer Summary
------------------------------------------------------------

Type  : Slow 1100mV 85C Model Setup 'clk'
Slack : 11.919
TNS   : 0.000

Type  : Slow 1100mV 85C Model Hold 'clk'
Slack : 0.242
TNS   : 0.000

Type  : Slow 1100mV 85C Model Minimum Pulse Width 'clk'
Slack : 8.873
TNS   : 0.000

Type  : Slow 1100mV 0C Model Setup 'clk'
Slack : 11.811
TNS   : 0.000

Type  : Slow 1100mV 0C Model Hold 'clk'
Slack : 0.142
TNS   : 0.000

Type  : Slow 1100mV 0C Model Minimum Pulse Width 'clk'
Slack : 8.822
TNS   : 0.000

Type  : Fast 1100mV 85C Model Setup 'clk'
Slack : 15.314
TNS   : 0.000

Type  : Fast 1100mV 85C Model Hold 'clk'
Slack : 0.168
TNS   : 0.000

Type  : Fast 1100mV 85C Model Minimum Pulse Width 'clk'
Slack : 8.802
TNS   : 0.000

Type  : Fast 1100mV 0C Model Setup 'clk'
Slack : 15.636
TNS   : 0.000

Type  : Fast 1100mV 0C Model Hold 'clk'
Slack : 0.101
TNS   : 0.000

Type  : Fast 1100mV 0C Model Minimum Pulse Width 'clk'
Slack : 8.791
TNS   : 0.000

------------------------------------------------------------
